Script started on 2019-11-22 17:50:04-0500
]0;fartootp@nxsrv:/h/u16/c9/01/fartootp/Desktop/fartootp/lab10nxsrv:~/Desktop/fartootp/lab10$ gdb bufserver[K[K[K[K[K[K[K[K[Kt[Krandclient
GNU gdb (Ubuntu 8.1-0ubuntu3.2) 8.1.0.20180409-git
Copyright (C) 2018 Free Software Foundation, Inc.
License GPLv3+: GNU GPL version 3 or later <http://gnu.org/licenses/gpl.html>
This is free software: you are free to change and redistribute it.
There is NO WARRANTY, to the extent permitted by law.  Type "show copying"
and "show warranty" for details.
This GDB was configured as "x86_64-linux-gnu".
Type "show configuration" for configuration details.
For bug reporting instructions, please see:
<http://www.gnu.org/software/gdb/bugs/>.
Find the GDB manual and other documentation resources online at:
<http://www.gnu.org/software/gdb/documentation/>.
For help, type "help".
Type "apropos word" to search for commands related to "word"...
Reading symbols from randclient...done.
(gdb) break main
Breakpoint 1 at 0xc69: file randclient.c, line 24.
(gdb) run 127.0.0.1
Starting program: /h/u16/c9/01/fartootp/fartootp/lab10/randclient 127.0.0.1

Breakpoint 1, main (argc=2, argv=0x7fffffffe728) at randclient.c:24
24	    if (argc != 2) {
(gdb) run 127.0.0.1[C[C[C[C[C[C[3Pbreak main[C[C[C[C[C[Crun 127.0.0.1[C[C[C[C[C[C[Krun 127.0.0.1
The program being debugged has been started already.
Start it from the beginning? (y or n) y
Starting program: /h/u16/c9/01/fartootp/fartootp/lab10/randclient 127.0.0.1

Breakpoint 1, main (argc=2, argv=0x7fffffffe728) at randclient.c:24
24	    if (argc != 2) {
(gdb) n
29	    int soc = connect_to_server(PORT, argv[1]);
(gdb) n
31	    write_random_pieces(soc, MESSAGE, TIMES);
(gdb) n
33	    close(soc);
(gdb) n
34	    return 0;
(gdb) n
35	}
(gdb) n
__libc_start_main (main=0x555555554c5a <main>, argc=2, argv=0x7fffffffe728, 
    init=<optimized out>, fini=<optimized out>, rtld_fini=<optimized out>, 
    stack_end=0x7fffffffe718) at ../csu/libc-start.c:344
344	../csu/libc-start.c: No such file or directory.
(gdb) n
[Inferior 1 (process 24670) exited normally]
(gdb) n
The program is not being run.
(gdb) n[Kq
]0;fartootp@nxsrv:/h/u16/c9/01/fartootp/Desktop/fartootp/lab10nxsrv:~/Desktop/fartootp/lab10$ exit\[K
exit

Script done on 2019-11-22 17:59:27-0500
